Traceback (most recent call last):
  File "/Users/vishalsi/.pyenv/versions/3.10.12/lib/python3.10/runpy.py", line 196, in _run_module_as_main
    return _run_code(code, main_globals, None,
  File "/Users/vishalsi/.pyenv/versions/3.10.12/lib/python3.10/runpy.py", line 86, in _run_code
    exec(code, run_globals)
  File "/Users/vishalsi/CustomerSupportTicketAI/venv/lib/python3.10/site-packages/uvicorn/__main__.py", line 4, in <module>
    uvicorn.main()
  File "/Users/vishalsi/CustomerSupportTicketAI/venv/lib/python3.10/site-packages/click/core.py", line 1485, in __call__
    return self.main(*args, **kwargs)
  File "/Users/vishalsi/CustomerSupportTicketAI/venv/lib/python3.10/site-packages/click/core.py", line 1406, in main
    rv = self.invoke(ctx)
  File "/Users/vishalsi/CustomerSupportTicketAI/venv/lib/python3.10/site-packages/click/core.py", line 1269, in invoke
    return ctx.invoke(self.callback, **ctx.params)
  File "/Users/vishalsi/CustomerSupportTicketAI/venv/lib/python3.10/site-packages/click/core.py", line 824, in invoke
    return callback(*args, **kwargs)
  File "/Users/vishalsi/CustomerSupportTicketAI/venv/lib/python3.10/site-packages/uvicorn/main.py", line 424, in main
    run(
  File "/Users/vishalsi/CustomerSupportTicketAI/venv/lib/python3.10/site-packages/uvicorn/main.py", line 594, in run
    server.run()
  File "/Users/vishalsi/CustomerSupportTicketAI/venv/lib/python3.10/site-packages/uvicorn/server.py", line 67, in run
    return asyncio_run(self.serve(sockets=sockets), loop_factory=self.config.get_loop_factory())
  File "/Users/vishalsi/CustomerSupportTicketAI/venv/lib/python3.10/site-packages/uvicorn/_compat.py", line 60, in asyncio_run
    return loop.run_until_complete(main)
  File "/Users/vishalsi/.pyenv/versions/3.10.12/lib/python3.10/asyncio/base_events.py", line 649, in run_until_complete
    return future.result()
  File "/Users/vishalsi/CustomerSupportTicketAI/venv/lib/python3.10/site-packages/uvicorn/server.py", line 71, in serve
    await self._serve(sockets)
  File "/Users/vishalsi/CustomerSupportTicketAI/venv/lib/python3.10/site-packages/uvicorn/server.py", line 78, in _serve
    config.load()
  File "/Users/vishalsi/CustomerSupportTicketAI/venv/lib/python3.10/site-packages/uvicorn/config.py", line 439, in load
    self.loaded_app = import_from_string(self.app)
  File "/Users/vishalsi/CustomerSupportTicketAI/venv/lib/python3.10/site-packages/uvicorn/importer.py", line 22, in import_from_string
    raise exc from None
  File "/Users/vishalsi/CustomerSupportTicketAI/venv/lib/python3.10/site-packages/uvicorn/importer.py", line 19, in import_from_string
    module = importlib.import_module(module_str)
  File "/Users/vishalsi/.pyenv/versions/3.10.12/lib/python3.10/importlib/__init__.py", line 126, in import_module
    return _bootstrap._gcd_import(name[level:], package, level)
  File "<frozen importlib._bootstrap>", line 1050, in _gcd_import
  File "<frozen importlib._bootstrap>", line 1027, in _find_and_load
  File "<frozen importlib._bootstrap>", line 992, in _find_and_load_unlocked
  File "<frozen importlib._bootstrap>", line 241, in _call_with_frames_removed
  File "<frozen importlib._bootstrap>", line 1050, in _gcd_import
  File "<frozen importlib._bootstrap>", line 1027, in _find_and_load
  File "<frozen importlib._bootstrap>", line 1004, in _find_and_load_unlocked
ModuleNotFoundError: No module named 'api'
